// Jest Snapshot v1, https://goo.gl/fbAQLP

exports[`<Box /> it renders with element chlidren centered in the middle of the screen 1`] = `
.c0 {
  display: -webkit-box;
  display: -webkit-flex;
  display: -ms-flexbox;
  display: flex;
  -webkit-box-pack: center;
  -webkit-justify-content: center;
  -ms-flex-pack: center;
  justify-content: center;
  -webkit-align-items: center;
  -webkit-box-align: center;
  -ms-flex-align: center;
  align-items: center;
  width: 30%;
  height: 30%;
}

<div
  className="c0"
  display="flex"
  height="30%"
  width="30%"
>
  Teste
</div>
`;

exports[`<Box /> it renders without props and children 1`] = `
<div
  className=""
/>
`;
